// Jest Snapshot v1, https://goo.gl/fbAQLP

exports[`TextArea should match the snapshot 1`] = `
<div
  className="ter-form-item"
>
  <label
    className="ter-form-item__label"
  >
    mock label
  </label>
  <textarea
    className="ter-textarea"
    defaultValue="mock value"
    name="name"
    onChange={[Function]}
  />
</div>
`;
