// Jest Snapshot v1, https://goo.gl/fbAQLP

exports[`Breadcrumbs should match the snapshot 1`] = `
<div>
  <Component />
</div>
`;
