// Jest Snapshot v1, https://goo.gl/fbAQLP

exports[`Tooltip should match the snapshot 1`] = `
<span
  className="ter-tooltip"
  data-direction="up"
>
  <a>
    test
  </a>
  <span
    className="ter-tooltip__content"
  >
    <p>
      hello
    </p>
  </span>
</span>
`;
