// Jest Snapshot v1, https://goo.gl/fbAQLP

exports[`Button should match the snapshot 1`] = `
<Fragment>
  <button
    className="ter-button test class"
    name="test name"
    onClick={[Function]}
  >
    test text
  </button>
</Fragment>
`;
