// Jest Snapshot v1, https://goo.gl/fbAQLP

exports[`ButtonLink should match the snapshot 1`] = `
<Fragment>
  <a
    className="ter-button test class"
    href="#"
  >
    test text
  </a>
</Fragment>
`;
