// Jest Snapshot v1, https://goo.gl/fbAQLP

exports[`SearchSelect should match the snapshot 1`] = `
<div
  className="ter-search-select "
>
  <div
    className="ter-search-select__selected"
    onClick={[Function]}
  >
    mock default text
    <Icon
      className="ter-search-select__caret"
      size="16px"
      type="open-caret-down-dark-16px"
    />
  </div>
  <ul
    className="ter-search-select__options-list"
  >
    <input
      className="ter-search-select__search-input"
      onChange={[Function]}
      placeholder="search"
      type="text"
      value=""
    />
    <li
      className="ter-search-select__options-list-item"
      key="cats-0"
      onClick={[Function]}
    >
      cats
    </li>
    <li
      className="ter-search-select__options-list-item"
      key="dogs-1"
      onClick={[Function]}
    >
      dogs
    </li>
    <li
      className="ter-search-select__options-list-item"
      key="turtles-2"
      onClick={[Function]}
    >
      turtles
    </li>
    <li
      className="ter-search-select__options-list-item"
      key="fish-3"
      onClick={[Function]}
    >
      fish
    </li>
    <li
      className="ter-search-select__options-list-item"
      key="ferrets-4"
      onClick={[Function]}
    >
      ferrets
    </li>
    <li
      className="ter-search-select__options-list-item"
      key="hamsters-5"
      onClick={[Function]}
    >
      hamsters
    </li>
    <li
      className="ter-search-select__options-list-item"
      key="birds-6"
      onClick={[Function]}
    >
      birds
    </li>
  </ul>
  <div />
</div>
`;
