// Jest Snapshot v1, https://goo.gl/fbAQLP

exports[`Iron should match the snapshot 1`] = `
<svg
  className="ter-icon ter-icon--open-caret-right-dark-8px ter-icon--8px"
  viewBox="0 0 8 8"
>
  <use
    xlinkHref="[object Object]#icon-open-caret-right-dark-8px"
  />
</svg>
`;
